Archive member included because of file (symbol)

d:/programs files secondary/files amit embedded systems/imt_sdk_win_64/winavr/bin/../lib/gcc/avr/4.3.3/avr5\libgcc.a(_mulsi3.o)
                              ./MCAL/TIMER0/TIMER0_prog.o (__mulsi3)
d:/programs files secondary/files amit embedded systems/imt_sdk_win_64/winavr/bin/../lib/gcc/avr/4.3.3/avr5\libgcc.a(_udivmodqi4.o)
                              ./MCAL/PORT/Port_prg.o (__udivmodqi4)
d:/programs files secondary/files amit embedded systems/imt_sdk_win_64/winavr/bin/../lib/gcc/avr/4.3.3/avr5\libgcc.a(_udivmodsi4.o)
                              ./MCAL/TIMER0/TIMER0_prog.o (__udivmodsi4)
d:/programs files secondary/files amit embedded systems/imt_sdk_win_64/winavr/bin/../lib/gcc/avr/4.3.3/avr5\libgcc.a(_divmodsi4.o)
                              ./HAL/CLCD/CLCD_Program.o (__divmodsi4)
d:/programs files secondary/files amit embedded systems/imt_sdk_win_64/winavr/bin/../lib/gcc/avr/4.3.3/avr5\libgcc.a(_exit.o)
                              d:/programs files secondary/files amit embedded systems/imt_sdk_win_64/winavr/bin/../lib/gcc/avr/4.3.3/../../../../avr/lib/avr5/crtm32.o (exit)
d:/programs files secondary/files amit embedded systems/imt_sdk_win_64/winavr/bin/../lib/gcc/avr/4.3.3/avr5\libgcc.a(_copy_data.o)
                              ./MCAL/TIMER0/TIMER0_prog.o (__do_copy_data)
d:/programs files secondary/files amit embedded systems/imt_sdk_win_64/winavr/bin/../lib/gcc/avr/4.3.3/avr5\libgcc.a(_clear_bss.o)
                              ./MCAL/USART/USART_Program.o (__do_clear_bss)
d:/programs files secondary/files amit embedded systems/imt_sdk_win_64/winavr/bin/../lib/gcc/avr/4.3.3/avr5\libgcc.a(_fixunssfsi.o)
                              ./MCAL/TIMER0/TIMER0_prog.o (__fixunssfsi)
d:/programs files secondary/files amit embedded systems/imt_sdk_win_64/winavr/bin/../lib/gcc/avr/4.3.3/avr5\libgcc.a(_addsub_sf.o)
                              d:/programs files secondary/files amit embedded systems/imt_sdk_win_64/winavr/bin/../lib/gcc/avr/4.3.3/avr5\libgcc.a(_fixunssfsi.o) (__subsf3)
d:/programs files secondary/files amit embedded systems/imt_sdk_win_64/winavr/bin/../lib/gcc/avr/4.3.3/avr5\libgcc.a(_mul_sf.o)
                              ./HAL/KPD/KEYPAD_Program.o (__mulsf3)
d:/programs files secondary/files amit embedded systems/imt_sdk_win_64/winavr/bin/../lib/gcc/avr/4.3.3/avr5\libgcc.a(_div_sf.o)
                              ./MCAL/TIMER0/TIMER0_prog.o (__divsf3)
d:/programs files secondary/files amit embedded systems/imt_sdk_win_64/winavr/bin/../lib/gcc/avr/4.3.3/avr5\libgcc.a(_gt_sf.o)
                              ./HAL/KPD/KEYPAD_Program.o (__gtsf2)
d:/programs files secondary/files amit embedded systems/imt_sdk_win_64/winavr/bin/../lib/gcc/avr/4.3.3/avr5\libgcc.a(_ge_sf.o)
                              d:/programs files secondary/files amit embedded systems/imt_sdk_win_64/winavr/bin/../lib/gcc/avr/4.3.3/avr5\libgcc.a(_fixunssfsi.o) (__gesf2)
d:/programs files secondary/files amit embedded systems/imt_sdk_win_64/winavr/bin/../lib/gcc/avr/4.3.3/avr5\libgcc.a(_lt_sf.o)
                              ./HAL/KPD/KEYPAD_Program.o (__ltsf2)
d:/programs files secondary/files amit embedded systems/imt_sdk_win_64/winavr/bin/../lib/gcc/avr/4.3.3/avr5\libgcc.a(_sf_to_si.o)
                              d:/programs files secondary/files amit embedded systems/imt_sdk_win_64/winavr/bin/../lib/gcc/avr/4.3.3/avr5\libgcc.a(_fixunssfsi.o) (__fixsfsi)
d:/programs files secondary/files amit embedded systems/imt_sdk_win_64/winavr/bin/../lib/gcc/avr/4.3.3/avr5\libgcc.a(_thenan_sf.o)
                              d:/programs files secondary/files amit embedded systems/imt_sdk_win_64/winavr/bin/../lib/gcc/avr/4.3.3/avr5\libgcc.a(_addsub_sf.o) (__thenan_sf)
d:/programs files secondary/files amit embedded systems/imt_sdk_win_64/winavr/bin/../lib/gcc/avr/4.3.3/avr5\libgcc.a(_usi_to_sf.o)
                              ./MCAL/TIMER0/TIMER0_prog.o (__floatunsisf)
d:/programs files secondary/files amit embedded systems/imt_sdk_win_64/winavr/bin/../lib/gcc/avr/4.3.3/avr5\libgcc.a(_prologue.o)
                              d:/programs files secondary/files amit embedded systems/imt_sdk_win_64/winavr/bin/../lib/gcc/avr/4.3.3/avr5\libgcc.a(_addsub_sf.o) (__prologue_saves__)
d:/programs files secondary/files amit embedded systems/imt_sdk_win_64/winavr/bin/../lib/gcc/avr/4.3.3/avr5\libgcc.a(_epilogue.o)
                              d:/programs files secondary/files amit embedded systems/imt_sdk_win_64/winavr/bin/../lib/gcc/avr/4.3.3/avr5\libgcc.a(_addsub_sf.o) (__epilogue_restores__)
d:/programs files secondary/files amit embedded systems/imt_sdk_win_64/winavr/bin/../lib/gcc/avr/4.3.3/avr5\libgcc.a(_clzsi2.o)
                              d:/programs files secondary/files amit embedded systems/imt_sdk_win_64/winavr/bin/../lib/gcc/avr/4.3.3/avr5\libgcc.a(_usi_to_sf.o) (__clzsi2)
d:/programs files secondary/files amit embedded systems/imt_sdk_win_64/winavr/bin/../lib/gcc/avr/4.3.3/avr5\libgcc.a(_pack_sf.o)
                              d:/programs files secondary/files amit embedded systems/imt_sdk_win_64/winavr/bin/../lib/gcc/avr/4.3.3/avr5\libgcc.a(_addsub_sf.o) (__pack_f)
d:/programs files secondary/files amit embedded systems/imt_sdk_win_64/winavr/bin/../lib/gcc/avr/4.3.3/avr5\libgcc.a(_unpack_sf.o)
                              d:/programs files secondary/files amit embedded systems/imt_sdk_win_64/winavr/bin/../lib/gcc/avr/4.3.3/avr5\libgcc.a(_addsub_sf.o) (__unpack_f)
d:/programs files secondary/files amit embedded systems/imt_sdk_win_64/winavr/bin/../lib/gcc/avr/4.3.3/avr5\libgcc.a(_fpcmp_parts_sf.o)
                              d:/programs files secondary/files amit embedded systems/imt_sdk_win_64/winavr/bin/../lib/gcc/avr/4.3.3/avr5\libgcc.a(_gt_sf.o) (__fpcmp_parts_f)
d:/programs files secondary/files amit embedded systems/imt_sdk_win_64/winavr/bin/../lib/gcc/avr/4.3.3/avr5\libgcc.a(_clz.o)
                              d:/programs files secondary/files amit embedded systems/imt_sdk_win_64/winavr/bin/../lib/gcc/avr/4.3.3/avr5\libgcc.a(_clzsi2.o) (__clz_tab)

Memory Configuration

Name             Origin             Length             Attributes
text             0x00000000         0x00020000         xr
data             0x00800060         0x0000ffa0         rw !x
eeprom           0x00810000         0x00010000         rw !x
fuse             0x00820000         0x00000400         rw !x
lock             0x00830000         0x00000400         rw !x
signature        0x00840000         0x00000400         rw !x
*default*        0x00000000         0xffffffff

Linker script and memory map

LOAD d:/programs files secondary/files amit embedded systems/imt_sdk_win_64/winavr/bin/../lib/gcc/avr/4.3.3/../../../../avr/lib/avr5/crtm32.o
LOAD ./MCAL/USART/USART_Program.o
LOAD ./MCAL/TWI/TWI_prog.o
LOAD ./MCAL/TIMER0/TIMER0_prog.o
LOAD ./MCAL/PORT/Port_prg.o
LOAD ./MCAL/GIE/GIE_prog.o
LOAD ./MCAL/DIO/Dio_prg.o
LOAD ./HAL/Relay/Relay_Prog.o
LOAD ./HAL/RTC/RTC_prog.o
LOAD ./HAL/KPD/KEYPAD_Program.o
LOAD ./HAL/FINGER_PRINT/Finger_Print_Program_v2.o
LOAD ./HAL/EEPROM_24C08/EEPROM_prog.o
LOAD ./HAL/CLCD/CLCD_Program.o
LOAD ./HAL/Buzzer/Buzzer_Prog.o
LOAD ./CONFIG/CLCD_LCFG.o
LOAD ./CONFIG/Dio_Lcfg.o
LOAD ./CONFIG/FINGER_PRINT_LCONFIG.o
LOAD ./CONFIG/KPD_LCFG.o
LOAD ./CONFIG/Port_Lcfg.o
LOAD ./CONFIG/RTC_Lcfg.o
LOAD ./CONFIG/TWI_Lcfg.o
LOAD ./CONFIG/USART_LCONFIG.o
LOAD ./APP/APP_prog.o
LOAD ./main.o
LOAD d:/programs files secondary/files amit embedded systems/imt_sdk_win_64/winavr/bin/../lib/gcc/avr/4.3.3/avr5\libgcc.a
LOAD d:/programs files secondary/files amit embedded systems/imt_sdk_win_64/winavr/bin/../lib/gcc/avr/4.3.3/../../../../avr/lib/avr5\libc.a
LOAD d:/programs files secondary/files amit embedded systems/imt_sdk_win_64/winavr/bin/../lib/gcc/avr/4.3.3/avr5\libgcc.a

.hash
 *(.hash)

.dynsym
 *(.dynsym)

.dynstr
 *(.dynstr)

.gnu.version
 *(.gnu.version)

.gnu.version_d
 *(.gnu.version_d)

.gnu.version_r
 *(.gnu.version_r)

.rel.init
 *(.rel.init)

.rela.init
 *(.rela.init)

.rel.text
 *(.rel.text)
 *(.rel.text.*)
 *(.rel.gnu.linkonce.t*)

.rela.text
 *(.rela.text)
 *(.rela.text.*)
 *(.rela.gnu.linkonce.t*)

.rel.fini
 *(.rel.fini)

.rela.fini
 *(.rela.fini)

.rel.rodata
 *(.rel.rodata)
 *(.rel.rodata.*)
 *(.rel.gnu.linkonce.r*)

.rela.rodata
 *(.rela.rodata)
 *(.rela.rodata.*)
 *(.rela.gnu.linkonce.r*)

.rel.data
 *(.rel.data)
 *(.rel.data.*)
 *(.rel.gnu.linkonce.d*)

.rela.data
 *(.rela.data)
 *(.rela.data.*)
 *(.rela.gnu.linkonce.d*)

.rel.ctors
 *(.rel.ctors)

.rela.ctors
 *(.rela.ctors)

.rel.dtors
 *(.rel.dtors)

.rela.dtors
 *(.rela.dtors)

.rel.got
 *(.rel.got)

.rela.got
 *(.rela.got)

.rel.bss
 *(.rel.bss)

.rela.bss
 *(.rela.bss)

.rel.plt
 *(.rel.plt)

.rela.plt
 *(.rela.plt)

.text           0x00000000     0x8c1a
 *(.vectors)
 .vectors       0x00000000       0x54 d:/programs files secondary/files amit embedded systems/imt_sdk_win_64/winavr/bin/../lib/gcc/avr/4.3.3/../../../../avr/lib/avr5/crtm32.o
                0x00000000                __vectors
                0x00000000                __vector_default
 *(.vectors)
 *(.progmem.gcc*)
 *(.progmem*)
                0x00000054                . = ALIGN (0x2)
                0x00000054                __trampolines_start = .
 *(.trampolines)
 .trampolines   0x00000054        0x0 linker stubs
 *(.trampolines*)
                0x00000054                __trampolines_end = .
 *(.jumptables)
 *(.jumptables*)
 *(.lowtext)
 *(.lowtext*)
                0x00000054                __ctors_start = .
 *(.ctors)
                0x00000054                __ctors_end = .
                0x00000054                __dtors_start = .
 *(.dtors)
                0x00000054                __dtors_end = .
 SORT(*)(.ctors)
 SORT(*)(.dtors)
 *(.init0)
 .init0         0x00000054        0x0 d:/programs files secondary/files amit embedded systems/imt_sdk_win_64/winavr/bin/../lib/gcc/avr/4.3.3/../../../../avr/lib/avr5/crtm32.o
                0x00000054                __init
 *(.init0)
 *(.init1)
 *(.init1)
 *(.init2)
 .init2         0x00000054        0xc d:/programs files secondary/files amit embedded systems/imt_sdk_win_64/winavr/bin/../lib/gcc/avr/4.3.3/../../../../avr/lib/avr5/crtm32.o
 *(.init2)
 *(.init3)
 *(.init3)
 *(.init4)
 .init4         0x00000060       0x16 d:/programs files secondary/files amit embedded systems/imt_sdk_win_64/winavr/bin/../lib/gcc/avr/4.3.3/avr5\libgcc.a(_copy_data.o)
                0x00000060                __do_copy_data
 .init4         0x00000076       0x10 d:/programs files secondary/files amit embedded systems/imt_sdk_win_64/winavr/bin/../lib/gcc/avr/4.3.3/avr5\libgcc.a(_clear_bss.o)
                0x00000076                __do_clear_bss
 *(.init4)
 *(.init5)
 *(.init5)
 *(.init6)
 *(.init6)
 *(.init7)
 *(.init7)
 *(.init8)
 *(.init8)
 *(.init9)
 .init9         0x00000086        0x8 d:/programs files secondary/files amit embedded systems/imt_sdk_win_64/winavr/bin/../lib/gcc/avr/4.3.3/../../../../avr/lib/avr5/crtm32.o
 *(.init9)
 *(.text)
 .text          0x0000008e        0x4 d:/programs files secondary/files amit embedded systems/imt_sdk_win_64/winavr/bin/../lib/gcc/avr/4.3.3/../../../../avr/lib/avr5/crtm32.o
                0x0000008e                __vector_1
                0x0000008e                __vector_12
                0x0000008e                __bad_interrupt
                0x0000008e                __vector_6
                0x0000008e                __vector_3
                0x0000008e                __vector_17
                0x0000008e                __vector_19
                0x0000008e                __vector_7
                0x0000008e                __vector_5
                0x0000008e                __vector_4
                0x0000008e                __vector_9
                0x0000008e                __vector_2
                0x0000008e                __vector_15
                0x0000008e                __vector_8
                0x0000008e                __vector_14
                0x0000008e                __vector_10
                0x0000008e                __vector_16
                0x0000008e                __vector_18
                0x0000008e                __vector_20
 .text          0x00000092        0x0 ./MCAL/USART/USART_Program.o
 .text          0x00000092        0x0 ./MCAL/TWI/TWI_prog.o
 .text          0x00000092        0x0 ./MCAL/TIMER0/TIMER0_prog.o
 .text          0x00000092        0x0 ./MCAL/PORT/Port_prg.o
 .text          0x00000092        0x0 ./MCAL/GIE/GIE_prog.o
 .text          0x00000092        0x0 ./MCAL/DIO/Dio_prg.o
 .text          0x00000092        0x0 ./HAL/Relay/Relay_Prog.o
 .text          0x00000092        0x0 ./HAL/RTC/RTC_prog.o
 .text          0x00000092        0x0 ./HAL/KPD/KEYPAD_Program.o
 .text          0x00000092        0x0 ./HAL/FINGER_PRINT/Finger_Print_Program_v2.o
 .text          0x00000092        0x0 ./HAL/EEPROM_24C08/EEPROM_prog.o
 .text          0x00000092        0x0 ./HAL/CLCD/CLCD_Program.o
 .text          0x00000092        0x0 ./HAL/Buzzer/Buzzer_Prog.o
 .text          0x00000092        0x0 ./CONFIG/CLCD_LCFG.o
 .text          0x00000092        0x0 ./CONFIG/Dio_Lcfg.o
 .text          0x00000092        0x0 ./CONFIG/FINGER_PRINT_LCONFIG.o
 .text          0x00000092        0x0 ./CONFIG/KPD_LCFG.o
 .text          0x00000092        0x0 ./CONFIG/Port_Lcfg.o
 .text          0x00000092        0x0 ./CONFIG/RTC_Lcfg.o
 .text          0x00000092        0x0 ./CONFIG/TWI_Lcfg.o
 .text          0x00000092        0x0 ./CONFIG/USART_LCONFIG.o
 .text          0x00000092        0x0 ./APP/APP_prog.o
 .text          0x00000092        0x0 ./main.o
 .text          0x00000092        0x0 d:/programs files secondary/files amit embedded systems/imt_sdk_win_64/winavr/bin/../lib/gcc/avr/4.3.3/avr5\libgcc.a(_mulsi3.o)
 .text          0x00000092        0x0 d:/programs files secondary/files amit embedded systems/imt_sdk_win_64/winavr/bin/../lib/gcc/avr/4.3.3/avr5\libgcc.a(_udivmodqi4.o)
 .text          0x00000092        0x0 d:/programs files secondary/files amit embedded systems/imt_sdk_win_64/winavr/bin/../lib/gcc/avr/4.3.3/avr5\libgcc.a(_udivmodsi4.o)
 .text          0x00000092        0x0 d:/programs files secondary/files amit embedded systems/imt_sdk_win_64/winavr/bin/../lib/gcc/avr/4.3.3/avr5\libgcc.a(_divmodsi4.o)
 .text          0x00000092        0x0 d:/programs files secondary/files amit embedded systems/imt_sdk_win_64/winavr/bin/../lib/gcc/avr/4.3.3/avr5\libgcc.a(_exit.o)
 .text          0x00000092        0x0 d:/programs files secondary/files amit embedded systems/imt_sdk_win_64/winavr/bin/../lib/gcc/avr/4.3.3/avr5\libgcc.a(_copy_data.o)
 .text          0x00000092        0x0 d:/programs files secondary/files amit embedded systems/imt_sdk_win_64/winavr/bin/../lib/gcc/avr/4.3.3/avr5\libgcc.a(_clear_bss.o)
 .text          0x00000092       0x58 d:/programs files secondary/files amit embedded systems/imt_sdk_win_64/winavr/bin/../lib/gcc/avr/4.3.3/avr5\libgcc.a(_fixunssfsi.o)
                0x00000092                __fixunssfsi
 .text          0x000000ea      0x354 d:/programs files secondary/files amit embedded systems/imt_sdk_win_64/winavr/bin/../lib/gcc/avr/4.3.3/avr5\libgcc.a(_addsub_sf.o)
                0x00000382                __subsf3
                0x000003e4                __addsf3
 .text          0x0000043e      0x1f4 d:/programs files secondary/files amit embedded systems/imt_sdk_win_64/winavr/bin/../lib/gcc/avr/4.3.3/avr5\libgcc.a(_mul_sf.o)
                0x0000043e                __mulsf3
 .text          0x00000632      0x158 d:/programs files secondary/files amit embedded systems/imt_sdk_win_64/winavr/bin/../lib/gcc/avr/4.3.3/avr5\libgcc.a(_div_sf.o)
                0x00000632                __divsf3
 .text          0x0000078a       0x60 d:/programs files secondary/files amit embedded systems/imt_sdk_win_64/winavr/bin/../lib/gcc/avr/4.3.3/avr5\libgcc.a(_gt_sf.o)
                0x0000078a                __gtsf2
 .text          0x000007ea       0x60 d:/programs files secondary/files amit embedded systems/imt_sdk_win_64/winavr/bin/../lib/gcc/avr/4.3.3/avr5\libgcc.a(_ge_sf.o)
                0x000007ea                __gesf2
 .text          0x0000084a       0x60 d:/programs files secondary/files amit embedded systems/imt_sdk_win_64/winavr/bin/../lib/gcc/avr/4.3.3/avr5\libgcc.a(_lt_sf.o)
                0x0000084a                __ltsf2
 .text          0x000008aa       0xa8 d:/programs files secondary/files amit embedded systems/imt_sdk_win_64/winavr/bin/../lib/gcc/avr/4.3.3/avr5\libgcc.a(_sf_to_si.o)
                0x000008aa                __fixsfsi
 .text          0x00000952        0x0 d:/programs files secondary/files amit embedded systems/imt_sdk_win_64/winavr/bin/../lib/gcc/avr/4.3.3/avr5\libgcc.a(_thenan_sf.o)
 .text          0x00000952       0xf2 d:/programs files secondary/files amit embedded systems/imt_sdk_win_64/winavr/bin/../lib/gcc/avr/4.3.3/avr5\libgcc.a(_usi_to_sf.o)
                0x00000952                __floatunsisf
 .text          0x00000a44        0x0 d:/programs files secondary/files amit embedded systems/imt_sdk_win_64/winavr/bin/../lib/gcc/avr/4.3.3/avr5\libgcc.a(_prologue.o)
 .text          0x00000a44        0x0 d:/programs files secondary/files amit embedded systems/imt_sdk_win_64/winavr/bin/../lib/gcc/avr/4.3.3/avr5\libgcc.a(_epilogue.o)
 .text          0x00000a44       0x9e d:/programs files secondary/files amit embedded systems/imt_sdk_win_64/winavr/bin/../lib/gcc/avr/4.3.3/avr5\libgcc.a(_clzsi2.o)
                0x00000a44                __clzsi2
 .text          0x00000ae2      0x1aa d:/programs files secondary/files amit embedded systems/imt_sdk_win_64/winavr/bin/../lib/gcc/avr/4.3.3/avr5\libgcc.a(_pack_sf.o)
                0x00000ae2                __pack_f
 .text          0x00000c8c       0xf0 d:/programs files secondary/files amit embedded systems/imt_sdk_win_64/winavr/bin/../lib/gcc/avr/4.3.3/avr5\libgcc.a(_unpack_sf.o)
                0x00000c8c                __unpack_f
 .text          0x00000d7c       0xb2 d:/programs files secondary/files amit embedded systems/imt_sdk_win_64/winavr/bin/../lib/gcc/avr/4.3.3/avr5\libgcc.a(_fpcmp_parts_sf.o)
                0x00000d7c                __fpcmp_parts_f
 .text          0x00000e2e        0x0 d:/programs files secondary/files amit embedded systems/imt_sdk_win_64/winavr/bin/../lib/gcc/avr/4.3.3/avr5\libgcc.a(_clz.o)
                0x00000e2e                . = ALIGN (0x2)
 *(.text.*)
 .text.UART_Init
                0x00000e2e      0x220 ./MCAL/USART/USART_Program.o
                0x00000e2e                UART_Init
 .text.UART_SendByte
                0x0000104e       0x34 ./MCAL/USART/USART_Program.o
                0x0000104e                UART_SendByte
 .text.UART_SendString
                0x00001082       0x54 ./MCAL/USART/USART_Program.o
                0x00001082                UART_SendString
 .text.UART_RecieveByteSynchNonBlocking
                0x000010d6       0x2c ./MCAL/USART/USART_Program.o
                0x000010d6                UART_RecieveByteSynchNonBlocking
 .text.UART_RecieveByteASynchCallback
                0x00001102       0x14 ./MCAL/USART/USART_Program.o
                0x00001102                UART_RecieveByteASynchCallback
 .text.UART_SetCallBack
                0x00001116       0x36 ./MCAL/USART/USART_Program.o
                0x00001116                UART_SetCallBack
 .text.__vector_13
                0x0000114c       0x66 ./MCAL/USART/USART_Program.o
                0x0000114c                __vector_13
 .text.M_TWI_Void_InitMaster
                0x000011b2       0x44 ./MCAL/TWI/TWI_prog.o
                0x000011b2                M_TWI_Void_InitMaster
 .text.M_TWI_Void_SendStartCondition
                0x000011f6       0x24 ./MCAL/TWI/TWI_prog.o
                0x000011f6                M_TWI_Void_SendStartCondition
 .text.M_TWI_Void_SetSlaveAddress
                0x0000121a       0x1c ./MCAL/TWI/TWI_prog.o
                0x0000121a                M_TWI_Void_SetSlaveAddress
 .text.M_TWI_Void_SendByte
                0x00001236       0x32 ./MCAL/TWI/TWI_prog.o
                0x00001236                M_TWI_Void_SendByte
 .text.M_TWI_Void_RecevieWithACK
                0x00001268       0x3c ./MCAL/TWI/TWI_prog.o
                0x00001268                M_TWI_Void_RecevieWithACK
 .text.M_TWI_Void_RecevieWitNACK
                0x000012a4       0x44 ./MCAL/TWI/TWI_prog.o
                0x000012a4                M_TWI_Void_RecevieWitNACK
 .text.M_TWI_Void_GetStatus
                0x000012e8       0x26 ./MCAL/TWI/TWI_prog.o
                0x000012e8                M_TWI_Void_GetStatus
 .text.M_TWI_U8_GetStatus
                0x0000130e       0x16 ./MCAL/TWI/TWI_prog.o
                0x0000130e                M_TWI_U8_GetStatus
 .text.M_TWI_Void_SendStopCondition
                0x00001324       0x1c ./MCAL/TWI/TWI_prog.o
                0x00001324                M_TWI_Void_SendStopCondition
 .text.M_TIMER0_Void_Init
                0x00001340      0x168 ./MCAL/TIMER0/TIMER0_prog.o
                0x00001340                M_TIMER0_Void_Init
 .text.M_TIMER0_Void_Start
                0x000014a8       0x32 ./MCAL/TIMER0/TIMER0_prog.o
                0x000014a8                M_TIMER0_Void_Start
 .text.M_TIMER0_Void_Stop
                0x000014da       0x1c ./MCAL/TIMER0/TIMER0_prog.o
                0x000014da                M_TIMER0_Void_Stop
 .text.M_TIMER0_Void_GetCount
                0x000014f6       0x70 ./MCAL/TIMER0/TIMER0_prog.o
                0x000014f6                M_TIMER0_Void_GetCount
 .text.M_TIMER0_setDelayTimeMilliSec
                0x00001566      0x240 ./MCAL/TIMER0/TIMER0_prog.o
                0x00001566                M_TIMER0_setDelayTimeMilliSec
 .text.M_TIMER0_EnableInt
                0x000017a6       0x3e ./MCAL/TIMER0/TIMER0_prog.o
                0x000017a6                M_TIMER0_EnableInt
 .text.M_TIMER0_DisableInt
                0x000017e4       0x2a ./MCAL/TIMER0/TIMER0_prog.o
                0x000017e4                M_TIMER0_DisableInt
 .text.M_TIMER0_setCallBack
                0x0000180e       0x62 ./MCAL/TIMER0/TIMER0_prog.o
                0x0000180e                M_TIMER0_setCallBack
 .text.__vector_11
                0x00001870       0xd2 ./MCAL/TIMER0/TIMER0_prog.o
                0x00001870                __vector_11
 .text.Port_Init
                0x00001942      0x4d6 ./MCAL/PORT/Port_prg.o
                0x00001942                Port_Init
 .text.M_GIE_Void_Enable
                0x00001e18       0x1c ./MCAL/GIE/GIE_prog.o
                0x00001e18                M_GIE_Void_Enable
 .text.M_GIE_Void_Disable
                0x00001e34       0x1c ./MCAL/GIE/GIE_prog.o
                0x00001e34                M_GIE_Void_Disable
 .text.M_Dio_en_getPinValue
                0x00001e50      0x10c ./MCAL/DIO/Dio_prg.o
                0x00001e50                M_Dio_en_getPinValue
 .text.M_Dio_void_setPinValue
                0x00001f5c      0x21c ./MCAL/DIO/Dio_prg.o
                0x00001f5c                M_Dio_void_setPinValue
 .text.M_Dio_en_getPortValue
                0x00002178       0x84 ./MCAL/DIO/Dio_prg.o
                0x00002178                M_Dio_en_getPortValue
 .text.M_Dio_void_setPortValue
                0x000021fc       0x84 ./MCAL/DIO/Dio_prg.o
                0x000021fc                M_Dio_void_setPortValue
 .text.M_Dio_void_togglePinValue
                0x00002280      0x118 ./MCAL/DIO/Dio_prg.o
                0x00002280                M_Dio_void_togglePinValue
 .text.H_Relay_Void_WorkOn
                0x00002398       0x4c ./HAL/Relay/Relay_Prog.o
                0x00002398                H_Relay_Void_WorkOn
 .text.H_Relay_Void_WorkOff
                0x000023e4       0x4c ./HAL/Relay/Relay_Prog.o
                0x000023e4                H_Relay_Void_WorkOff
 .text.H_RTC_Void_Init
                0x00002430       0x14 ./HAL/RTC/RTC_prog.o
                0x00002430                H_RTC_Void_Init
 .text.H_RTC_Void_SetTime
                0x00002444       0x78 ./HAL/RTC/RTC_prog.o
                0x00002444                H_RTC_Void_SetTime
 .text.H_RTC_Void_GetTime
                0x000024bc       0x9a ./HAL/RTC/RTC_prog.o
                0x000024bc                H_RTC_Void_GetTime
 .text.H_RTC_Void_SetDate
                0x00002556       0x56 ./HAL/RTC/RTC_prog.o
                0x00002556                H_RTC_Void_SetDate
 .text.H_RTC_Void_GetDate
                0x000025ac       0xe4 ./HAL/RTC/RTC_prog.o
                0x000025ac                H_RTC_Void_GetDate
 .text.H_RTC_DEC_TO_BCD
                0x00002690       0x5a ./HAL/RTC/RTC_prog.o
                0x00002690                H_RTC_DEC_TO_BCD
 .text.H_RTC_BCD_TO_DEC
                0x000026ea       0x50 ./HAL/RTC/RTC_prog.o
                0x000026ea                H_RTC_BCD_TO_DEC
 .text.H_KEYPAD_u8_getPressedKey
                0x0000273a      0x1ca ./HAL/KPD/KEYPAD_Program.o
                0x0000273a                H_KEYPAD_u8_getPressedKey
 .text.Finger_Print_Init
                0x00002904       0x2e ./HAL/FINGER_PRINT/Finger_Print_Program_v2.o
                0x00002904                Finger_Print_Init
 .text.Finger_Print_Send_Command
                0x00002932      0x21c ./HAL/FINGER_PRINT/Finger_Print_Program_v2.o
                0x00002932                Finger_Print_Send_Command
 .text.Finger_Print_Enroll
                0x00002b4e      0xcae ./HAL/FINGER_PRINT/Finger_Print_Program_v2.o
                0x00002b4e                Finger_Print_Enroll
 .text.Finger_Print_Match
                0x000037fc      0xe88 ./HAL/FINGER_PRINT/Finger_Print_Program_v2.o
                0x000037fc                Finger_Print_Match
 .text.Finger_Print_Delete_Template
                0x00004684      0x230 ./HAL/FINGER_PRINT/Finger_Print_Program_v2.o
                0x00004684                Finger_Print_Delete_Template
 .text.Finger_Print_Empty_Templates
                0x000048b4      0x22e ./HAL/FINGER_PRINT/Finger_Print_Program_v2.o
                0x000048b4                Finger_Print_Empty_Templates
 .text.Flush_Buffer
                0x00004ae2       0x36 ./HAL/FINGER_PRINT/Finger_Print_Program_v2.o
                0x00004ae2                Flush_Buffer
 .text.Check_Sum
                0x00004b18       0x50 ./HAL/FINGER_PRINT/Finger_Print_Program_v2.o
                0x00004b18                Check_Sum
 .text.Display_data
                0x00004b68       0x34 ./HAL/FINGER_PRINT/Finger_Print_Program_v2.o
                0x00004b68                Display_data
 .text.H_EEPROM_Void_Init
                0x00004b9c       0x14 ./HAL/EEPROM_24C08/EEPROM_prog.o
                0x00004b9c                H_EEPROM_Void_Init
 .text.H_EEPROM_Void_WriteByte
                0x00004bb0       0x80 ./HAL/EEPROM_24C08/EEPROM_prog.o
                0x00004bb0                H_EEPROM_Void_WriteByte
 .text.H_EEPROM_Void_ReadByte
                0x00004c30       0xa8 ./HAL/EEPROM_24C08/EEPROM_prog.o
                0x00004c30                H_EEPROM_Void_ReadByte
 .text.H_LCD_void_latchByte
                0x00004cd8      0x38e ./HAL/CLCD/CLCD_Program.o
 .text.H_LCD_void_Init
                0x00005066      0x4f2 ./HAL/CLCD/CLCD_Program.o
                0x00005066                H_LCD_void_Init
 .text.H_LCD_void_sendData
                0x00005558       0x22 ./HAL/CLCD/CLCD_Program.o
                0x00005558                H_LCD_void_sendData
 .text.H_LCD_void_sendCommand
                0x0000557a       0x22 ./HAL/CLCD/CLCD_Program.o
                0x0000557a                H_LCD_void_sendCommand
 .text.H_LCD_void_sendString
                0x0000559c       0x52 ./HAL/CLCD/CLCD_Program.o
                0x0000559c                H_LCD_void_sendString
 .text.H_LCD_void_sendIntNum
                0x000055ee      0x138 ./HAL/CLCD/CLCD_Program.o
                0x000055ee                H_LCD_void_sendIntNum
 .text.H_LCD_void_gotoXY
                0x00005726       0x58 ./HAL/CLCD/CLCD_Program.o
                0x00005726                H_LCD_void_gotoXY
 .text.H_LCD_void_creatCustomChar
                0x0000577e       0x78 ./HAL/CLCD/CLCD_Program.o
                0x0000577e                H_LCD_void_creatCustomChar
 .text.H_LCD_void_displayCustomChar
                0x000057f6       0x1a ./HAL/CLCD/CLCD_Program.o
                0x000057f6                H_LCD_void_displayCustomChar
 .text.H_LCD_void_ClearDisplay
                0x00005810       0x14 ./HAL/CLCD/CLCD_Program.o
                0x00005810                H_LCD_void_ClearDisplay
 .text.H_BUZZER_Void_TurnOn
                0x00005824       0x16 ./HAL/Buzzer/Buzzer_Prog.o
                0x00005824                H_BUZZER_Void_TurnOn
 .text.H_BUZZER_Void_TurnOff
                0x0000583a       0x16 ./HAL/Buzzer/Buzzer_Prog.o
                0x0000583a                H_BUZZER_Void_TurnOff
 .text.APP_INIT
                0x00005850      0x220 ./APP/APP_prog.o
                0x00005850                APP_INIT
 .text.APP_Start
                0x00005a70      0x510 ./APP/APP_prog.o
                0x00005a70                APP_Start
 .text.Close_System
                0x00005f80       0x14 ./APP/APP_prog.o
                0x00005f80                Close_System
 .text.Successful_Authentication
                0x00005f94      0x236 ./APP/APP_prog.o
                0x00005f94                Successful_Authentication
 .text.Show_Time_Processing
                0x000061ca      0x8fc ./APP/APP_prog.o
                0x000061ca                Show_Time_Processing
 .text.Save_Time_Processing
                0x00006ac6      0x9de ./APP/APP_prog.o
                0x00006ac6                Save_Time_Processing
 .text.Display_Time_Processing
                0x000074a4      0xa16 ./APP/APP_prog.o
                0x000074a4                Display_Time_Processing
 .text.SYSTEM_OFF
                0x00007eba      0x11e ./APP/APP_prog.o
                0x00007eba                SYSTEM_OFF
 .text.Wrong_Authentication
                0x00007fd8      0x148 ./APP/APP_prog.o
                0x00007fd8                Wrong_Authentication
 .text.APP_WelcomeDisplay
                0x00008120       0x1e ./APP/APP_prog.o
                0x00008120                APP_WelcomeDisplay
 .text.User_Authentication_SignIn
                0x0000813e       0xba ./APP/APP_prog.o
                0x0000813e                User_Authentication_SignIn
 .text.Check_Password
                0x000081f8      0x19c ./APP/APP_prog.o
                0x000081f8                Check_Password
 .text.User_Authentication_SignUp
                0x00008394      0x35c ./APP/APP_prog.o
                0x00008394                User_Authentication_SignUp
 .text.KeyPad_EnterPassWord
                0x000086f0       0x64 ./APP/APP_prog.o
                0x000086f0                KeyPad_EnterPassWord
 .text.Save_NewPassword
                0x00008754      0x372 ./APP/APP_prog.o
                0x00008754                Save_NewPassword
 .text.main     0x00008ac6       0x12 ./main.o
                0x00008ac6                main
 .text.libgcc   0x00008ad8       0x3e d:/programs files secondary/files amit embedded systems/imt_sdk_win_64/winavr/bin/../lib/gcc/avr/4.3.3/avr5\libgcc.a(_mulsi3.o)
                0x00008ad8                __mulsi3
 .text.libgcc   0x00008b16       0x18 d:/programs files secondary/files amit embedded systems/imt_sdk_win_64/winavr/bin/../lib/gcc/avr/4.3.3/avr5\libgcc.a(_udivmodqi4.o)
                0x00008b16                __udivmodqi4
 .text.libgcc   0x00008b2e       0x44 d:/programs files secondary/files amit embedded systems/imt_sdk_win_64/winavr/bin/../lib/gcc/avr/4.3.3/avr5\libgcc.a(_udivmodsi4.o)
                0x00008b2e                __udivmodsi4
 .text.libgcc   0x00008b72       0x36 d:/programs files secondary/files amit embedded systems/imt_sdk_win_64/winavr/bin/../lib/gcc/avr/4.3.3/avr5\libgcc.a(_divmodsi4.o)
                0x00008b72                __divmodsi4
 .text.libgcc   0x00008ba8        0x0 d:/programs files secondary/files amit embedded systems/imt_sdk_win_64/winavr/bin/../lib/gcc/avr/4.3.3/avr5\libgcc.a(_exit.o)
 .text.libgcc   0x00008ba8        0x0 d:/programs files secondary/files amit embedded systems/imt_sdk_win_64/winavr/bin/../lib/gcc/avr/4.3.3/avr5\libgcc.a(_copy_data.o)
 .text.libgcc   0x00008ba8        0x0 d:/programs files secondary/files amit embedded systems/imt_sdk_win_64/winavr/bin/../lib/gcc/avr/4.3.3/avr5\libgcc.a(_clear_bss.o)
 .text.libgcc   0x00008ba8       0x38 d:/programs files secondary/files amit embedded systems/imt_sdk_win_64/winavr/bin/../lib/gcc/avr/4.3.3/avr5\libgcc.a(_prologue.o)
                0x00008ba8                __prologue_saves__
 .text.libgcc   0x00008be0       0x36 d:/programs files secondary/files amit embedded systems/imt_sdk_win_64/winavr/bin/../lib/gcc/avr/4.3.3/avr5\libgcc.a(_epilogue.o)
                0x00008be0                __epilogue_restores__
                0x00008c16                . = ALIGN (0x2)
 *(.fini9)
 .fini9         0x00008c16        0x0 d:/programs files secondary/files amit embedded systems/imt_sdk_win_64/winavr/bin/../lib/gcc/avr/4.3.3/avr5\libgcc.a(_exit.o)
                0x00008c16                exit
                0x00008c16                _exit
 *(.fini9)
 *(.fini8)
 *(.fini8)
 *(.fini7)
 *(.fini7)
 *(.fini6)
 *(.fini6)
 *(.fini5)
 *(.fini5)
 *(.fini4)
 *(.fini4)
 *(.fini3)
 *(.fini3)
 *(.fini2)
 *(.fini2)
 *(.fini1)
 *(.fini1)
 *(.fini0)
 .fini0         0x00008c16        0x4 d:/programs files secondary/files amit embedded systems/imt_sdk_win_64/winavr/bin/../lib/gcc/avr/4.3.3/avr5\libgcc.a(_exit.o)
 *(.fini0)
                0x00008c1a                _etext = .

.data           0x00800060      0x552 load address 0x00008c1a
                0x00800060                PROVIDE (__data_start, .)
 *(.data)
 .data          0x00800060        0x0 d:/programs files secondary/files amit embedded systems/imt_sdk_win_64/winavr/bin/../lib/gcc/avr/4.3.3/../../../../avr/lib/avr5/crtm32.o
 .data          0x00800060        0x0 ./MCAL/USART/USART_Program.o
 .data          0x00800060        0x0 ./MCAL/TWI/TWI_prog.o
 .data          0x00800060        0x0 ./MCAL/TIMER0/TIMER0_prog.o
 .data          0x00800060        0x0 ./MCAL/PORT/Port_prg.o
 .data          0x00800060        0x0 ./MCAL/GIE/GIE_prog.o
 .data          0x00800060        0x0 ./MCAL/DIO/Dio_prg.o
 .data          0x00800060        0x0 ./HAL/Relay/Relay_Prog.o
 .data          0x00800060        0x0 ./HAL/RTC/RTC_prog.o
 .data          0x00800060        0x0 ./HAL/KPD/KEYPAD_Program.o
 .data          0x00800060      0x161 ./HAL/FINGER_PRINT/Finger_Print_Program_v2.o
 .data          0x008001c1        0x0 ./HAL/EEPROM_24C08/EEPROM_prog.o
 .data          0x008001c1        0x0 ./HAL/CLCD/CLCD_Program.o
 .data          0x008001c1        0x0 ./HAL/Buzzer/Buzzer_Prog.o
 .data          0x008001c1        0x0 ./CONFIG/CLCD_LCFG.o
 .data          0x008001c1        0x0 ./CONFIG/Dio_Lcfg.o
 .data          0x008001c1        0x0 ./CONFIG/FINGER_PRINT_LCONFIG.o
 .data          0x008001c1        0x0 ./CONFIG/KPD_LCFG.o
 .data          0x008001c1        0x0 ./CONFIG/Port_Lcfg.o
 .data          0x008001c1        0x0 ./CONFIG/RTC_Lcfg.o
 .data          0x008001c1        0x0 ./CONFIG/TWI_Lcfg.o
 .data          0x008001c1        0x0 ./CONFIG/USART_LCONFIG.o
 .data          0x008001c1      0x17f ./APP/APP_prog.o
 .data          0x00800340        0x0 ./main.o
 .data          0x00800340        0x0 d:/programs files secondary/files amit embedded systems/imt_sdk_win_64/winavr/bin/../lib/gcc/avr/4.3.3/avr5\libgcc.a(_mulsi3.o)
 .data          0x00800340        0x0 d:/programs files secondary/files amit embedded systems/imt_sdk_win_64/winavr/bin/../lib/gcc/avr/4.3.3/avr5\libgcc.a(_udivmodqi4.o)
 .data          0x00800340        0x0 d:/programs files secondary/files amit embedded systems/imt_sdk_win_64/winavr/bin/../lib/gcc/avr/4.3.3/avr5\libgcc.a(_udivmodsi4.o)
 .data          0x00800340        0x0 d:/programs files secondary/files amit embedded systems/imt_sdk_win_64/winavr/bin/../lib/gcc/avr/4.3.3/avr5\libgcc.a(_divmodsi4.o)
 .data          0x00800340        0x0 d:/programs files secondary/files amit embedded systems/imt_sdk_win_64/winavr/bin/../lib/gcc/avr/4.3.3/avr5\libgcc.a(_exit.o)
 .data          0x00800340        0x0 d:/programs files secondary/files amit embedded systems/imt_sdk_win_64/winavr/bin/../lib/gcc/avr/4.3.3/avr5\libgcc.a(_copy_data.o)
 .data          0x00800340        0x0 d:/programs files secondary/files amit embedded systems/imt_sdk_win_64/winavr/bin/../lib/gcc/avr/4.3.3/avr5\libgcc.a(_clear_bss.o)
 .data          0x00800340        0x0 d:/programs files secondary/files amit embedded systems/imt_sdk_win_64/winavr/bin/../lib/gcc/avr/4.3.3/avr5\libgcc.a(_fixunssfsi.o)
 .data          0x00800340        0x0 d:/programs files secondary/files amit embedded systems/imt_sdk_win_64/winavr/bin/../lib/gcc/avr/4.3.3/avr5\libgcc.a(_addsub_sf.o)
 .data          0x00800340        0x0 d:/programs files secondary/files amit embedded systems/imt_sdk_win_64/winavr/bin/../lib/gcc/avr/4.3.3/avr5\libgcc.a(_mul_sf.o)
 .data          0x00800340        0x0 d:/programs files secondary/files amit embedded systems/imt_sdk_win_64/winavr/bin/../lib/gcc/avr/4.3.3/avr5\libgcc.a(_div_sf.o)
 .data          0x00800340        0x0 d:/programs files secondary/files amit embedded systems/imt_sdk_win_64/winavr/bin/../lib/gcc/avr/4.3.3/avr5\libgcc.a(_gt_sf.o)
 .data          0x00800340        0x0 d:/programs files secondary/files amit embedded systems/imt_sdk_win_64/winavr/bin/../lib/gcc/avr/4.3.3/avr5\libgcc.a(_ge_sf.o)
 .data          0x00800340        0x0 d:/programs files secondary/files amit embedded systems/imt_sdk_win_64/winavr/bin/../lib/gcc/avr/4.3.3/avr5\libgcc.a(_lt_sf.o)
 .data          0x00800340        0x0 d:/programs files secondary/files amit embedded systems/imt_sdk_win_64/winavr/bin/../lib/gcc/avr/4.3.3/avr5\libgcc.a(_sf_to_si.o)
 .data          0x00800340        0x8 d:/programs files secondary/files amit embedded systems/imt_sdk_win_64/winavr/bin/../lib/gcc/avr/4.3.3/avr5\libgcc.a(_thenan_sf.o)
                0x00800340                __thenan_sf
 .data          0x00800348        0x0 d:/programs files secondary/files amit embedded systems/imt_sdk_win_64/winavr/bin/../lib/gcc/avr/4.3.3/avr5\libgcc.a(_usi_to_sf.o)
 .data          0x00800348        0x0 d:/programs files secondary/files amit embedded systems/imt_sdk_win_64/winavr/bin/../lib/gcc/avr/4.3.3/avr5\libgcc.a(_prologue.o)
 .data          0x00800348        0x0 d:/programs files secondary/files amit embedded systems/imt_sdk_win_64/winavr/bin/../lib/gcc/avr/4.3.3/avr5\libgcc.a(_epilogue.o)
 .data          0x00800348        0x0 d:/programs files secondary/files amit embedded systems/imt_sdk_win_64/winavr/bin/../lib/gcc/avr/4.3.3/avr5\libgcc.a(_clzsi2.o)
 .data          0x00800348        0x0 d:/programs files secondary/files amit embedded systems/imt_sdk_win_64/winavr/bin/../lib/gcc/avr/4.3.3/avr5\libgcc.a(_pack_sf.o)
 .data          0x00800348        0x0 d:/programs files secondary/files amit embedded systems/imt_sdk_win_64/winavr/bin/../lib/gcc/avr/4.3.3/avr5\libgcc.a(_unpack_sf.o)
 .data          0x00800348        0x0 d:/programs files secondary/files amit embedded systems/imt_sdk_win_64/winavr/bin/../lib/gcc/avr/4.3.3/avr5\libgcc.a(_fpcmp_parts_sf.o)
 .data          0x00800348      0x100 d:/programs files secondary/files amit embedded systems/imt_sdk_win_64/winavr/bin/../lib/gcc/avr/4.3.3/avr5\libgcc.a(_clz.o)
                0x00800348                __clz_tab
 *(.data*)
 .data.KPD_KEYS_CALC
                0x00800448       0x10 ./HAL/KPD/KEYPAD_Program.o
 .data.ROWS_ARR
                0x00800458        0x4 ./HAL/KPD/KEYPAD_Program.o
                0x00800458                ROWS_ARR
 .data.COLS_ARR
                0x0080045c        0x4 ./HAL/KPD/KEYPAD_Program.o
                0x0080045c                COLS_ARR
 .data.Hand_Shake
                0x00800460        0xc ./HAL/FINGER_PRINT/Finger_Print_Program_v2.o
                0x00800460                Hand_Shake
 .data.VfyPwd   0x0080046c       0x10 ./HAL/FINGER_PRINT/Finger_Print_Program_v2.o
                0x0080046c                VfyPwd
 .data.GetImage
                0x0080047c        0xc ./HAL/FINGER_PRINT/Finger_Print_Program_v2.o
                0x0080047c                GetImage
 .data.Img2TZ_1
                0x00800488        0xd ./HAL/FINGER_PRINT/Finger_Print_Program_v2.o
                0x00800488                Img2TZ_1
 .data.Img2TZ_2
                0x00800495        0xd ./HAL/FINGER_PRINT/Finger_Print_Program_v2.o
                0x00800495                Img2TZ_2
 .data.Reg_Model
                0x008004a2        0xc ./HAL/FINGER_PRINT/Finger_Print_Program_v2.o
                0x008004a2                Reg_Model
 .data.Search   0x008004ae       0x11 ./HAL/FINGER_PRINT/Finger_Print_Program_v2.o
                0x008004ae                Search
 .data.Empty_Library
                0x008004bf        0xc ./HAL/FINGER_PRINT/Finger_Print_Program_v2.o
                0x008004bf                Empty_Library
 .data.Delete_Char
                0x008004cb       0x10 ./HAL/FINGER_PRINT/Finger_Print_Program_v2.o
                0x008004cb                Delete_Char
 .data.ARR_UART_CFG_3
                0x008004db        0x5 ./HAL/FINGER_PRINT/Finger_Print_Program_v2.o
                0x008004db                ARR_UART_CFG_3
 .data.Store    0x008004e0        0xf ./HAL/FINGER_PRINT/Finger_Print_Program_v2.o
                0x008004e0                Store
 .data.Pattern_1
                0x008004ef        0x8 ./CONFIG/CLCD_LCFG.o
                0x008004ef                Pattern_1
 .data.Pattern_2
                0x008004f7        0x8 ./CONFIG/CLCD_LCFG.o
                0x008004f7                Pattern_2
 .data.Pattern_3
                0x008004ff        0x8 ./CONFIG/CLCD_LCFG.o
                0x008004ff                Pattern_3
 .data.Pattern_4
                0x00800507        0x8 ./CONFIG/CLCD_LCFG.o
                0x00800507                Pattern_4
 .data.SmilyChar
                0x0080050f        0x8 ./CONFIG/CLCD_LCFG.o
                0x0080050f                SmilyChar
 *(.rodata)
 *(.rodata*)
 .rodata.C.2.1387
                0x00800517       0x14 ./MCAL/TIMER0/TIMER0_prog.o
 .rodata.PORT_Config_Arr
                0x0080052b       0x80 ./CONFIG/Port_Lcfg.o
                0x0080052b                PORT_Config_Arr
 .rodata.TimeArr
                0x008005ab        0x4 ./APP/APP_prog.o
                0x008005ab                TimeArr
 .rodata.Global_IDs
                0x008005af        0x2 ./APP/APP_prog.o
                0x008005af                Global_IDs
 *(.gnu.linkonce.d*)
                0x008005b2                . = ALIGN (0x2)
 *fill*         0x008005b1        0x1 00
                0x008005b2                _edata = .
                0x008005b2                PROVIDE (__data_end, .)

.bss            0x008005b2       0x54
                0x008005b2                PROVIDE (__bss_start, .)
 *(.bss)
 .bss           0x008005b2        0x0 d:/programs files secondary/files amit embedded systems/imt_sdk_win_64/winavr/bin/../lib/gcc/avr/4.3.3/../../../../avr/lib/avr5/crtm32.o
 .bss           0x008005b2        0x0 ./MCAL/USART/USART_Program.o
 .bss           0x008005b2        0x0 ./MCAL/TWI/TWI_prog.o
 .bss           0x008005b2        0x0 ./MCAL/TIMER0/TIMER0_prog.o
 .bss           0x008005b2        0x0 ./MCAL/PORT/Port_prg.o
 .bss           0x008005b2        0x0 ./MCAL/GIE/GIE_prog.o
 .bss           0x008005b2        0x0 ./MCAL/DIO/Dio_prg.o
 .bss           0x008005b2        0x0 ./HAL/Relay/Relay_Prog.o
 .bss           0x008005b2        0x0 ./HAL/RTC/RTC_prog.o
 .bss           0x008005b2        0x0 ./HAL/KPD/KEYPAD_Program.o
 .bss           0x008005b2        0x0 ./HAL/FINGER_PRINT/Finger_Print_Program_v2.o
 .bss           0x008005b2        0x0 ./HAL/EEPROM_24C08/EEPROM_prog.o
 .bss           0x008005b2        0x0 ./HAL/CLCD/CLCD_Program.o
 .bss           0x008005b2        0x0 ./HAL/Buzzer/Buzzer_Prog.o
 .bss           0x008005b2        0x0 ./CONFIG/CLCD_LCFG.o
 .bss           0x008005b2        0x0 ./CONFIG/Dio_Lcfg.o
 .bss           0x008005b2        0x0 ./CONFIG/FINGER_PRINT_LCONFIG.o
 .bss           0x008005b2        0x0 ./CONFIG/KPD_LCFG.o
 .bss           0x008005b2        0x0 ./CONFIG/Port_Lcfg.o
 .bss           0x008005b2        0x0 ./CONFIG/RTC_Lcfg.o
 .bss           0x008005b2        0x0 ./CONFIG/TWI_Lcfg.o
 .bss           0x008005b2        0x0 ./CONFIG/USART_LCONFIG.o
 .bss           0x008005b2        0x0 ./APP/APP_prog.o
 .bss           0x008005b2        0x0 ./main.o
 .bss           0x008005b2        0x0 d:/programs files secondary/files amit embedded systems/imt_sdk_win_64/winavr/bin/../lib/gcc/avr/4.3.3/avr5\libgcc.a(_mulsi3.o)
 .bss           0x008005b2        0x0 d:/programs files secondary/files amit embedded systems/imt_sdk_win_64/winavr/bin/../lib/gcc/avr/4.3.3/avr5\libgcc.a(_udivmodqi4.o)
 .bss           0x008005b2        0x0 d:/programs files secondary/files amit embedded systems/imt_sdk_win_64/winavr/bin/../lib/gcc/avr/4.3.3/avr5\libgcc.a(_udivmodsi4.o)
 .bss           0x008005b2        0x0 d:/programs files secondary/files amit embedded systems/imt_sdk_win_64/winavr/bin/../lib/gcc/avr/4.3.3/avr5\libgcc.a(_divmodsi4.o)
 .bss           0x008005b2        0x0 d:/programs files secondary/files amit embedded systems/imt_sdk_win_64/winavr/bin/../lib/gcc/avr/4.3.3/avr5\libgcc.a(_exit.o)
 .bss           0x008005b2        0x0 d:/programs files secondary/files amit embedded systems/imt_sdk_win_64/winavr/bin/../lib/gcc/avr/4.3.3/avr5\libgcc.a(_copy_data.o)
 .bss           0x008005b2        0x0 d:/programs files secondary/files amit embedded systems/imt_sdk_win_64/winavr/bin/../lib/gcc/avr/4.3.3/avr5\libgcc.a(_clear_bss.o)
 .bss           0x008005b2        0x0 d:/programs files secondary/files amit embedded systems/imt_sdk_win_64/winavr/bin/../lib/gcc/avr/4.3.3/avr5\libgcc.a(_fixunssfsi.o)
 .bss           0x008005b2        0x0 d:/programs files secondary/files amit embedded systems/imt_sdk_win_64/winavr/bin/../lib/gcc/avr/4.3.3/avr5\libgcc.a(_addsub_sf.o)
 .bss           0x008005b2        0x0 d:/programs files secondary/files amit embedded systems/imt_sdk_win_64/winavr/bin/../lib/gcc/avr/4.3.3/avr5\libgcc.a(_mul_sf.o)
 .bss           0x008005b2        0x0 d:/programs files secondary/files amit embedded systems/imt_sdk_win_64/winavr/bin/../lib/gcc/avr/4.3.3/avr5\libgcc.a(_div_sf.o)
 .bss           0x008005b2        0x0 d:/programs files secondary/files amit embedded systems/imt_sdk_win_64/winavr/bin/../lib/gcc/avr/4.3.3/avr5\libgcc.a(_gt_sf.o)
 .bss           0x008005b2        0x0 d:/programs files secondary/files amit embedded systems/imt_sdk_win_64/winavr/bin/../lib/gcc/avr/4.3.3/avr5\libgcc.a(_ge_sf.o)
 .bss           0x008005b2        0x0 d:/programs files secondary/files amit embedded systems/imt_sdk_win_64/winavr/bin/../lib/gcc/avr/4.3.3/avr5\libgcc.a(_lt_sf.o)
 .bss           0x008005b2        0x0 d:/programs files secondary/files amit embedded systems/imt_sdk_win_64/winavr/bin/../lib/gcc/avr/4.3.3/avr5\libgcc.a(_sf_to_si.o)
 .bss           0x008005b2        0x0 d:/programs files secondary/files amit embedded systems/imt_sdk_win_64/winavr/bin/../lib/gcc/avr/4.3.3/avr5\libgcc.a(_thenan_sf.o)
 .bss           0x008005b2        0x0 d:/programs files secondary/files amit embedded systems/imt_sdk_win_64/winavr/bin/../lib/gcc/avr/4.3.3/avr5\libgcc.a(_usi_to_sf.o)
 .bss           0x008005b2        0x0 d:/programs files secondary/files amit embedded systems/imt_sdk_win_64/winavr/bin/../lib/gcc/avr/4.3.3/avr5\libgcc.a(_prologue.o)
 .bss           0x008005b2        0x0 d:/programs files secondary/files amit embedded systems/imt_sdk_win_64/winavr/bin/../lib/gcc/avr/4.3.3/avr5\libgcc.a(_epilogue.o)
 .bss           0x008005b2        0x0 d:/programs files secondary/files amit embedded systems/imt_sdk_win_64/winavr/bin/../lib/gcc/avr/4.3.3/avr5\libgcc.a(_clzsi2.o)
 .bss           0x008005b2        0x0 d:/programs files secondary/files amit embedded systems/imt_sdk_win_64/winavr/bin/../lib/gcc/avr/4.3.3/avr5\libgcc.a(_pack_sf.o)
 .bss           0x008005b2        0x0 d:/programs files secondary/files amit embedded systems/imt_sdk_win_64/winavr/bin/../lib/gcc/avr/4.3.3/avr5\libgcc.a(_unpack_sf.o)
 .bss           0x008005b2        0x0 d:/programs files secondary/files amit embedded systems/imt_sdk_win_64/winavr/bin/../lib/gcc/avr/4.3.3/avr5\libgcc.a(_fpcmp_parts_sf.o)
 .bss           0x008005b2        0x0 d:/programs files secondary/files amit embedded systems/imt_sdk_win_64/winavr/bin/../lib/gcc/avr/4.3.3/avr5\libgcc.a(_clz.o)
 *(.bss*)
 .bss.USART_PTR_FUNC
                0x008005b2        0x2 ./MCAL/USART/USART_Program.o
 .bss.Timer0CallBackFunc
                0x008005b4        0x4 ./MCAL/TIMER0/TIMER0_prog.o
                0x008005b4                Timer0CallBackFunc
 .bss.NoOfOverFlow
                0x008005b8        0x4 ./MCAL/TIMER0/TIMER0_prog.o
                0x008005b8                NoOfOverFlow
 .bss.NoOfRemaning
                0x008005bc        0x4 ./MCAL/TIMER0/TIMER0_prog.o
 .bss.Counter_NoOverFlow
                0x008005c0        0x4 ./MCAL/TIMER0/TIMER0_prog.o
                0x008005c0                Counter_NoOverFlow
 .bss.Global_NoComparMatch
                0x008005c4        0x4 ./MCAL/TIMER0/TIMER0_prog.o
 .bss.Cont      0x008005c8        0x2 ./MCAL/TIMER0/TIMER0_prog.o
                0x008005c8                Cont
 .bss.Local_counter
                0x008005ca        0x1 ./HAL/FINGER_PRINT/Finger_Print_Program_v2.o
 .bss.Enrollement_flag
                0x008005cb        0x1 ./HAL/FINGER_PRINT/Finger_Print_Program_v2.o
 .bss.Match_flag
                0x008005cc        0x1 ./HAL/FINGER_PRINT/Finger_Print_Program_v2.o
 .bss.Gen_Img_Flag
                0x008005cd        0x1 ./HAL/FINGER_PRINT/Finger_Print_Program_v2.o
 .bss.Gen_Img_Flag_Match
                0x008005ce        0x1 ./HAL/FINGER_PRINT/Finger_Print_Program_v2.o
 .bss.Img_2_TZ_Flag
                0x008005cf        0x1 ./HAL/FINGER_PRINT/Finger_Print_Program_v2.o
 .bss.Img_2_TZ_Flag_Match
                0x008005d0        0x1 ./HAL/FINGER_PRINT/Finger_Print_Program_v2.o
 .bss.Reg_Model_Flag
                0x008005d1        0x1 ./HAL/FINGER_PRINT/Finger_Print_Program_v2.o
 .bss.Store_Flag
                0x008005d2        0x1 ./HAL/FINGER_PRINT/Finger_Print_Program_v2.o
 .bss.Search_Flag
                0x008005d3        0x1 ./HAL/FINGER_PRINT/Finger_Print_Program_v2.o
 .bss.Empty_Flag
                0x008005d4        0x1 ./HAL/FINGER_PRINT/Finger_Print_Program_v2.o
 .bss.Delete_Flag
                0x008005d5        0x1 ./HAL/FINGER_PRINT/Finger_Print_Program_v2.o
 .bss.Search_Buffer
                0x008005d6       0x10 ./HAL/FINGER_PRINT/Finger_Print_Program_v2.o
 .bss.Buffer    0x008005e6       0x1e ./HAL/FINGER_PRINT/Finger_Print_Program_v2.o
 .bss.Global_PasswordCounter
                0x00800604        0x1 ./APP/APP_prog.o
                0x00800604                Global_PasswordCounter
 .bss.Global_Flag
                0x00800605        0x1 ./APP/APP_prog.o
                0x00800605                Global_Flag
 *(COMMON)
 COMMON         0x00800606        0x0 ./HAL/CLCD/CLCD_Program.o
                0x00800606                PROVIDE (__bss_end, .)
                0x00008c1a                __data_load_start = LOADADDR (.data)
                0x0000916c                __data_load_end = (__data_load_start + SIZEOF (.data))

.noinit         0x00800606        0x0
                0x00800606                PROVIDE (__noinit_start, .)
 *(.noinit*)
                0x00800606                PROVIDE (__noinit_end, .)
                0x00800606                _end = .
                0x00800606                PROVIDE (__heap_start, .)

.eeprom         0x00810000        0x0
 *(.eeprom*)
                0x00810000                __eeprom_end = .

.fuse
 *(.fuse)
 *(.lfuse)
 *(.hfuse)
 *(.efuse)

.lock
 *(.lock*)

.signature
 *(.signature*)

.stab           0x00000000     0x9300
 *(.stab)
 .stab          0x00000000      0x810 ./MCAL/USART/USART_Program.o
 .stab          0x00000810      0x498 ./MCAL/TWI/TWI_prog.o
                                0x69c (size before relaxing)
 .stab          0x00000ca8      0x714 ./MCAL/TIMER0/TIMER0_prog.o
                                0x90c (size before relaxing)
 .stab          0x000013bc      0x330 ./MCAL/PORT/Port_prg.o
                                0x3a8 (size before relaxing)
 .stab          0x000016ec      0x144 ./MCAL/GIE/GIE_prog.o
                                0x1bc (size before relaxing)
 .stab          0x00001830      0x510 ./MCAL/DIO/Dio_prg.o
                                0x588 (size before relaxing)
 .stab          0x00001d40      0x288 ./HAL/Relay/Relay_Prog.o
                                0x384 (size before relaxing)
 .stab          0x00001fc8      0x738 ./HAL/RTC/RTC_prog.o
                                0x948 (size before relaxing)
 .stab          0x00002700      0x30c ./HAL/KPD/KEYPAD_Program.o
                                0x57c (size before relaxing)
 .stab          0x00002a0c     0x2190 ./HAL/FINGER_PRINT/Finger_Print_Program_v2.o
                               0x2430 (size before relaxing)
 .stab          0x00004b9c      0x378 ./HAL/EEPROM_24C08/EEPROM_prog.o
                                0x5dc (size before relaxing)
 .stab          0x00004f14      0xcb4 ./HAL/CLCD/CLCD_Program.o
                                0xeb8 (size before relaxing)
 .stab          0x00005bc8      0x180 ./HAL/Buzzer/Buzzer_Prog.o
                                0x30c (size before relaxing)
 .stab          0x00005d48      0x120 ./CONFIG/CLCD_LCFG.o
                                0x198 (size before relaxing)
 .stab          0x00005e68       0xd8 ./CONFIG/Dio_Lcfg.o
                                 0xe4 (size before relaxing)
 .stab          0x00005f40       0xd8 ./CONFIG/FINGER_PRINT_LCONFIG.o
                                 0xe4 (size before relaxing)
 .stab          0x00006018       0xe4 ./CONFIG/KPD_LCFG.o
                                0x15c (size before relaxing)
 .stab          0x000060fc      0x18c ./CONFIG/Port_Lcfg.o
                                0x21c (size before relaxing)
 .stab          0x00006288       0xd8 ./CONFIG/RTC_Lcfg.o
                                 0xe4 (size before relaxing)
 .stab          0x00006360       0xd8 ./CONFIG/TWI_Lcfg.o
                                 0xe4 (size before relaxing)
 .stab          0x00006438      0x114 ./CONFIG/USART_LCONFIG.o
                                0x1f8 (size before relaxing)
 .stab          0x0000654c     0x2c10 ./APP/APP_prog.o
                               0x2ef8 (size before relaxing)
 .stab          0x0000915c      0x1a4 ./main.o
                                0x21c (size before relaxing)

.stabstr        0x00000000     0x4953
 *(.stabstr)
 .stabstr       0x00000000     0x4953 ./MCAL/USART/USART_Program.o

.stab.excl
 *(.stab.excl)

.stab.exclstr
 *(.stab.exclstr)

.stab.index
 *(.stab.index)

.stab.indexstr
 *(.stab.indexstr)

.comment
 *(.comment)

.debug
 *(.debug)

.line
 *(.line)

.debug_srcinfo
 *(.debug_srcinfo)

.debug_sfnames
 *(.debug_sfnames)

.debug_aranges  0x00000000      0x1a0
 *(.debug_aranges)
 .debug_aranges
                0x00000000       0x20 d:/programs files secondary/files amit embedded systems/imt_sdk_win_64/winavr/bin/../lib/gcc/avr/4.3.3/avr5\libgcc.a(_fixunssfsi.o)
 .debug_aranges
                0x00000020       0x20 d:/programs files secondary/files amit embedded systems/imt_sdk_win_64/winavr/bin/../lib/gcc/avr/4.3.3/avr5\libgcc.a(_addsub_sf.o)
 .debug_aranges
                0x00000040       0x20 d:/programs files secondary/files amit embedded systems/imt_sdk_win_64/winavr/bin/../lib/gcc/avr/4.3.3/avr5\libgcc.a(_mul_sf.o)
 .debug_aranges
                0x00000060       0x20 d:/programs files secondary/files amit embedded systems/imt_sdk_win_64/winavr/bin/../lib/gcc/avr/4.3.3/avr5\libgcc.a(_div_sf.o)
 .debug_aranges
                0x00000080       0x20 d:/programs files secondary/files amit embedded systems/imt_sdk_win_64/winavr/bin/../lib/gcc/avr/4.3.3/avr5\libgcc.a(_gt_sf.o)
 .debug_aranges
                0x000000a0       0x20 d:/programs files secondary/files amit embedded systems/imt_sdk_win_64/winavr/bin/../lib/gcc/avr/4.3.3/avr5\libgcc.a(_ge_sf.o)
 .debug_aranges
                0x000000c0       0x20 d:/programs files secondary/files amit embedded systems/imt_sdk_win_64/winavr/bin/../lib/gcc/avr/4.3.3/avr5\libgcc.a(_lt_sf.o)
 .debug_aranges
                0x000000e0       0x20 d:/programs files secondary/files amit embedded systems/imt_sdk_win_64/winavr/bin/../lib/gcc/avr/4.3.3/avr5\libgcc.a(_sf_to_si.o)
 .debug_aranges
                0x00000100       0x20 d:/programs files secondary/files amit embedded systems/imt_sdk_win_64/winavr/bin/../lib/gcc/avr/4.3.3/avr5\libgcc.a(_usi_to_sf.o)
 .debug_aranges
                0x00000120       0x20 d:/programs files secondary/files amit embedded systems/imt_sdk_win_64/winavr/bin/../lib/gcc/avr/4.3.3/avr5\libgcc.a(_clzsi2.o)
 .debug_aranges
                0x00000140       0x20 d:/programs files secondary/files amit embedded systems/imt_sdk_win_64/winavr/bin/../lib/gcc/avr/4.3.3/avr5\libgcc.a(_pack_sf.o)
 .debug_aranges
                0x00000160       0x20 d:/programs files secondary/files amit embedded systems/imt_sdk_win_64/winavr/bin/../lib/gcc/avr/4.3.3/avr5\libgcc.a(_unpack_sf.o)
 .debug_aranges
                0x00000180       0x20 d:/programs files secondary/files amit embedded systems/imt_sdk_win_64/winavr/bin/../lib/gcc/avr/4.3.3/avr5\libgcc.a(_fpcmp_parts_sf.o)

.debug_pubnames
                0x00000000      0x1f2
 *(.debug_pubnames)
 .debug_pubnames
                0x00000000       0x23 d:/programs files secondary/files amit embedded systems/imt_sdk_win_64/winavr/bin/../lib/gcc/avr/4.3.3/avr5\libgcc.a(_fixunssfsi.o)
 .debug_pubnames
                0x00000023       0x2c d:/programs files secondary/files amit embedded systems/imt_sdk_win_64/winavr/bin/../lib/gcc/avr/4.3.3/avr5\libgcc.a(_addsub_sf.o)
 .debug_pubnames
                0x0000004f       0x1f d:/programs files secondary/files amit embedded systems/imt_sdk_win_64/winavr/bin/../lib/gcc/avr/4.3.3/avr5\libgcc.a(_mul_sf.o)
 .debug_pubnames
                0x0000006e       0x1f d:/programs files secondary/files amit embedded systems/imt_sdk_win_64/winavr/bin/../lib/gcc/avr/4.3.3/avr5\libgcc.a(_div_sf.o)
 .debug_pubnames
                0x0000008d       0x1e d:/programs files secondary/files amit embedded systems/imt_sdk_win_64/winavr/bin/../lib/gcc/avr/4.3.3/avr5\libgcc.a(_gt_sf.o)
 .debug_pubnames
                0x000000ab       0x1e d:/programs files secondary/files amit embedded systems/imt_sdk_win_64/winavr/bin/../lib/gcc/avr/4.3.3/avr5\libgcc.a(_ge_sf.o)
 .debug_pubnames
                0x000000c9       0x1e d:/programs files secondary/files amit embedded systems/imt_sdk_win_64/winavr/bin/../lib/gcc/avr/4.3.3/avr5\libgcc.a(_lt_sf.o)
 .debug_pubnames
                0x000000e7       0x20 d:/programs files secondary/files amit embedded systems/imt_sdk_win_64/winavr/bin/../lib/gcc/avr/4.3.3/avr5\libgcc.a(_sf_to_si.o)
 .debug_pubnames
                0x00000107       0x22 d:/programs files secondary/files amit embedded systems/imt_sdk_win_64/winavr/bin/../lib/gcc/avr/4.3.3/avr5\libgcc.a(_thenan_sf.o)
 .debug_pubnames
                0x00000129       0x24 d:/programs files secondary/files amit embedded systems/imt_sdk_win_64/winavr/bin/../lib/gcc/avr/4.3.3/avr5\libgcc.a(_usi_to_sf.o)
 .debug_pubnames
                0x0000014d       0x1f d:/programs files secondary/files amit embedded systems/imt_sdk_win_64/winavr/bin/../lib/gcc/avr/4.3.3/avr5\libgcc.a(_clzsi2.o)
 .debug_pubnames
                0x0000016c       0x1f d:/programs files secondary/files amit embedded systems/imt_sdk_win_64/winavr/bin/../lib/gcc/avr/4.3.3/avr5\libgcc.a(_pack_sf.o)
 .debug_pubnames
                0x0000018b       0x21 d:/programs files secondary/files amit embedded systems/imt_sdk_win_64/winavr/bin/../lib/gcc/avr/4.3.3/avr5\libgcc.a(_unpack_sf.o)
 .debug_pubnames
                0x000001ac       0x26 d:/programs files secondary/files amit embedded systems/imt_sdk_win_64/winavr/bin/../lib/gcc/avr/4.3.3/avr5\libgcc.a(_fpcmp_parts_sf.o)
 .debug_pubnames
                0x000001d2       0x20 d:/programs files secondary/files amit embedded systems/imt_sdk_win_64/winavr/bin/../lib/gcc/avr/4.3.3/avr5\libgcc.a(_clz.o)

.debug_info     0x00000000     0x240b
 *(.debug_info)
 .debug_info    0x00000000       0xb1 d:/programs files secondary/files amit embedded systems/imt_sdk_win_64/winavr/bin/../lib/gcc/avr/4.3.3/avr5\libgcc.a(_fixunssfsi.o)
 .debug_info    0x000000b1      0x47a d:/programs files secondary/files amit embedded systems/imt_sdk_win_64/winavr/bin/../lib/gcc/avr/4.3.3/avr5\libgcc.a(_addsub_sf.o)
 .debug_info    0x0000052b      0x485 d:/programs files secondary/files amit embedded systems/imt_sdk_win_64/winavr/bin/../lib/gcc/avr/4.3.3/avr5\libgcc.a(_mul_sf.o)
 .debug_info    0x000009b0      0x3fc d:/programs files secondary/files amit embedded systems/imt_sdk_win_64/winavr/bin/../lib/gcc/avr/4.3.3/avr5\libgcc.a(_div_sf.o)
 .debug_info    0x00000dac      0x27f d:/programs files secondary/files amit embedded systems/imt_sdk_win_64/winavr/bin/../lib/gcc/avr/4.3.3/avr5\libgcc.a(_gt_sf.o)
 .debug_info    0x0000102b      0x27f d:/programs files secondary/files amit embedded systems/imt_sdk_win_64/winavr/bin/../lib/gcc/avr/4.3.3/avr5\libgcc.a(_ge_sf.o)
 .debug_info    0x000012aa      0x27f d:/programs files secondary/files amit embedded systems/imt_sdk_win_64/winavr/bin/../lib/gcc/avr/4.3.3/avr5\libgcc.a(_lt_sf.o)
 .debug_info    0x00001529      0x2b0 d:/programs files secondary/files amit embedded systems/imt_sdk_win_64/winavr/bin/../lib/gcc/avr/4.3.3/avr5\libgcc.a(_sf_to_si.o)
 .debug_info    0x000017d9      0x12c d:/programs files secondary/files amit embedded systems/imt_sdk_win_64/winavr/bin/../lib/gcc/avr/4.3.3/avr5\libgcc.a(_thenan_sf.o)
 .debug_info    0x00001905      0x206 d:/programs files secondary/files amit embedded systems/imt_sdk_win_64/winavr/bin/../lib/gcc/avr/4.3.3/avr5\libgcc.a(_usi_to_sf.o)
 .debug_info    0x00001b0b      0x117 d:/programs files secondary/files amit embedded systems/imt_sdk_win_64/winavr/bin/../lib/gcc/avr/4.3.3/avr5\libgcc.a(_clzsi2.o)
 .debug_info    0x00001c22      0x2df d:/programs files secondary/files amit embedded systems/imt_sdk_win_64/winavr/bin/../lib/gcc/avr/4.3.3/avr5\libgcc.a(_pack_sf.o)
 .debug_info    0x00001f01      0x251 d:/programs files secondary/files amit embedded systems/imt_sdk_win_64/winavr/bin/../lib/gcc/avr/4.3.3/avr5\libgcc.a(_unpack_sf.o)
 .debug_info    0x00002152      0x210 d:/programs files secondary/files amit embedded systems/imt_sdk_win_64/winavr/bin/../lib/gcc/avr/4.3.3/avr5\libgcc.a(_fpcmp_parts_sf.o)
 .debug_info    0x00002362       0xa9 d:/programs files secondary/files amit embedded systems/imt_sdk_win_64/winavr/bin/../lib/gcc/avr/4.3.3/avr5\libgcc.a(_clz.o)
 *(.gnu.linkonce.wi.*)

.debug_abbrev   0x00000000     0x1386
 *(.debug_abbrev)
 .debug_abbrev  0x00000000       0x5d d:/programs files secondary/files amit embedded systems/imt_sdk_win_64/winavr/bin/../lib/gcc/avr/4.3.3/avr5\libgcc.a(_fixunssfsi.o)
 .debug_abbrev  0x0000005d      0x1ea d:/programs files secondary/files amit embedded systems/imt_sdk_win_64/winavr/bin/../lib/gcc/avr/4.3.3/avr5\libgcc.a(_addsub_sf.o)
 .debug_abbrev  0x00000247      0x21b d:/programs files secondary/files amit embedded systems/imt_sdk_win_64/winavr/bin/../lib/gcc/avr/4.3.3/avr5\libgcc.a(_mul_sf.o)
 .debug_abbrev  0x00000462      0x216 d:/programs files secondary/files amit embedded systems/imt_sdk_win_64/winavr/bin/../lib/gcc/avr/4.3.3/avr5\libgcc.a(_div_sf.o)
 .debug_abbrev  0x00000678      0x15a d:/programs files secondary/files amit embedded systems/imt_sdk_win_64/winavr/bin/../lib/gcc/avr/4.3.3/avr5\libgcc.a(_gt_sf.o)
 .debug_abbrev  0x000007d2      0x15a d:/programs files secondary/files amit embedded systems/imt_sdk_win_64/winavr/bin/../lib/gcc/avr/4.3.3/avr5\libgcc.a(_ge_sf.o)
 .debug_abbrev  0x0000092c      0x15a d:/programs files secondary/files amit embedded systems/imt_sdk_win_64/winavr/bin/../lib/gcc/avr/4.3.3/avr5\libgcc.a(_lt_sf.o)
 .debug_abbrev  0x00000a86      0x17f d:/programs files secondary/files amit embedded systems/imt_sdk_win_64/winavr/bin/../lib/gcc/avr/4.3.3/avr5\libgcc.a(_sf_to_si.o)
 .debug_abbrev  0x00000c05       0xad d:/programs files secondary/files amit embedded systems/imt_sdk_win_64/winavr/bin/../lib/gcc/avr/4.3.3/avr5\libgcc.a(_thenan_sf.o)
 .debug_abbrev  0x00000cb2      0x157 d:/programs files secondary/files amit embedded systems/imt_sdk_win_64/winavr/bin/../lib/gcc/avr/4.3.3/avr5\libgcc.a(_usi_to_sf.o)
 .debug_abbrev  0x00000e09       0xc4 d:/programs files secondary/files amit embedded systems/imt_sdk_win_64/winavr/bin/../lib/gcc/avr/4.3.3/avr5\libgcc.a(_clzsi2.o)
 .debug_abbrev  0x00000ecd      0x1c0 d:/programs files secondary/files amit embedded systems/imt_sdk_win_64/winavr/bin/../lib/gcc/avr/4.3.3/avr5\libgcc.a(_pack_sf.o)
 .debug_abbrev  0x0000108d      0x154 d:/programs files secondary/files amit embedded systems/imt_sdk_win_64/winavr/bin/../lib/gcc/avr/4.3.3/avr5\libgcc.a(_unpack_sf.o)
 .debug_abbrev  0x000011e1      0x13b d:/programs files secondary/files amit embedded systems/imt_sdk_win_64/winavr/bin/../lib/gcc/avr/4.3.3/avr5\libgcc.a(_fpcmp_parts_sf.o)
 .debug_abbrev  0x0000131c       0x6a d:/programs files secondary/files amit embedded systems/imt_sdk_win_64/winavr/bin/../lib/gcc/avr/4.3.3/avr5\libgcc.a(_clz.o)

.debug_line     0x00000000     0x11d6
 *(.debug_line)
 .debug_line    0x00000000       0xa7 d:/programs files secondary/files amit embedded systems/imt_sdk_win_64/winavr/bin/../lib/gcc/avr/4.3.3/avr5\libgcc.a(_fixunssfsi.o)
 .debug_line    0x000000a7      0x2af d:/programs files secondary/files amit embedded systems/imt_sdk_win_64/winavr/bin/../lib/gcc/avr/4.3.3/avr5\libgcc.a(_addsub_sf.o)
 .debug_line    0x00000356      0x239 d:/programs files secondary/files amit embedded systems/imt_sdk_win_64/winavr/bin/../lib/gcc/avr/4.3.3/avr5\libgcc.a(_mul_sf.o)
 .debug_line    0x0000058f      0x1d5 d:/programs files secondary/files amit embedded systems/imt_sdk_win_64/winavr/bin/../lib/gcc/avr/4.3.3/avr5\libgcc.a(_div_sf.o)
 .debug_line    0x00000764       0xd3 d:/programs files secondary/files amit embedded systems/imt_sdk_win_64/winavr/bin/../lib/gcc/avr/4.3.3/avr5\libgcc.a(_gt_sf.o)
 .debug_line    0x00000837       0xd3 d:/programs files secondary/files amit embedded systems/imt_sdk_win_64/winavr/bin/../lib/gcc/avr/4.3.3/avr5\libgcc.a(_ge_sf.o)
 .debug_line    0x0000090a       0xd3 d:/programs files secondary/files amit embedded systems/imt_sdk_win_64/winavr/bin/../lib/gcc/avr/4.3.3/avr5\libgcc.a(_lt_sf.o)
 .debug_line    0x000009dd      0x109 d:/programs files secondary/files amit embedded systems/imt_sdk_win_64/winavr/bin/../lib/gcc/avr/4.3.3/avr5\libgcc.a(_sf_to_si.o)
 .debug_line    0x00000ae6       0x90 d:/programs files secondary/files amit embedded systems/imt_sdk_win_64/winavr/bin/../lib/gcc/avr/4.3.3/avr5\libgcc.a(_thenan_sf.o)
 .debug_line    0x00000b76      0x133 d:/programs files secondary/files amit embedded systems/imt_sdk_win_64/winavr/bin/../lib/gcc/avr/4.3.3/avr5\libgcc.a(_usi_to_sf.o)
 .debug_line    0x00000ca9       0xa5 d:/programs files secondary/files amit embedded systems/imt_sdk_win_64/winavr/bin/../lib/gcc/avr/4.3.3/avr5\libgcc.a(_clzsi2.o)
 .debug_line    0x00000d4e      0x18a d:/programs files secondary/files amit embedded systems/imt_sdk_win_64/winavr/bin/../lib/gcc/avr/4.3.3/avr5\libgcc.a(_pack_sf.o)
 .debug_line    0x00000ed8      0x14b d:/programs files secondary/files amit embedded systems/imt_sdk_win_64/winavr/bin/../lib/gcc/avr/4.3.3/avr5\libgcc.a(_unpack_sf.o)
 .debug_line    0x00001023      0x137 d:/programs files secondary/files amit embedded systems/imt_sdk_win_64/winavr/bin/../lib/gcc/avr/4.3.3/avr5\libgcc.a(_fpcmp_parts_sf.o)
 .debug_line    0x0000115a       0x7c d:/programs files secondary/files amit embedded systems/imt_sdk_win_64/winavr/bin/../lib/gcc/avr/4.3.3/avr5\libgcc.a(_clz.o)

.debug_frame    0x00000000      0x1c0
 *(.debug_frame)
 .debug_frame   0x00000000       0x20 d:/programs files secondary/files amit embedded systems/imt_sdk_win_64/winavr/bin/../lib/gcc/avr/4.3.3/avr5\libgcc.a(_fixunssfsi.o)
 .debug_frame   0x00000020       0x40 d:/programs files secondary/files amit embedded systems/imt_sdk_win_64/winavr/bin/../lib/gcc/avr/4.3.3/avr5\libgcc.a(_addsub_sf.o)
 .debug_frame   0x00000060       0x20 d:/programs files secondary/files amit embedded systems/imt_sdk_win_64/winavr/bin/../lib/gcc/avr/4.3.3/avr5\libgcc.a(_mul_sf.o)
 .debug_frame   0x00000080       0x20 d:/programs files secondary/files amit embedded systems/imt_sdk_win_64/winavr/bin/../lib/gcc/avr/4.3.3/avr5\libgcc.a(_div_sf.o)
 .debug_frame   0x000000a0       0x20 d:/programs files secondary/files amit embedded systems/imt_sdk_win_64/winavr/bin/../lib/gcc/avr/4.3.3/avr5\libgcc.a(_gt_sf.o)
 .debug_frame   0x000000c0       0x20 d:/programs files secondary/files amit embedded systems/imt_sdk_win_64/winavr/bin/../lib/gcc/avr/4.3.3/avr5\libgcc.a(_ge_sf.o)
 .debug_frame   0x000000e0       0x20 d:/programs files secondary/files amit embedded systems/imt_sdk_win_64/winavr/bin/../lib/gcc/avr/4.3.3/avr5\libgcc.a(_lt_sf.o)
 .debug_frame   0x00000100       0x20 d:/programs files secondary/files amit embedded systems/imt_sdk_win_64/winavr/bin/../lib/gcc/avr/4.3.3/avr5\libgcc.a(_sf_to_si.o)
 .debug_frame   0x00000120       0x20 d:/programs files secondary/files amit embedded systems/imt_sdk_win_64/winavr/bin/../lib/gcc/avr/4.3.3/avr5\libgcc.a(_usi_to_sf.o)
 .debug_frame   0x00000140       0x20 d:/programs files secondary/files amit embedded systems/imt_sdk_win_64/winavr/bin/../lib/gcc/avr/4.3.3/avr5\libgcc.a(_clzsi2.o)
 .debug_frame   0x00000160       0x20 d:/programs files secondary/files amit embedded systems/imt_sdk_win_64/winavr/bin/../lib/gcc/avr/4.3.3/avr5\libgcc.a(_pack_sf.o)
 .debug_frame   0x00000180       0x20 d:/programs files secondary/files amit embedded systems/imt_sdk_win_64/winavr/bin/../lib/gcc/avr/4.3.3/avr5\libgcc.a(_unpack_sf.o)
 .debug_frame   0x000001a0       0x20 d:/programs files secondary/files amit embedded systems/imt_sdk_win_64/winavr/bin/../lib/gcc/avr/4.3.3/avr5\libgcc.a(_fpcmp_parts_sf.o)

.debug_str      0x00000000      0x2f6
 *(.debug_str)
 .debug_str     0x00000000       0xbf d:/programs files secondary/files amit embedded systems/imt_sdk_win_64/winavr/bin/../lib/gcc/avr/4.3.3/avr5\libgcc.a(_fixunssfsi.o)
                                 0xfe (size before relaxing)
 .debug_str     0x000000bf      0x14d d:/programs files secondary/files amit embedded systems/imt_sdk_win_64/winavr/bin/../lib/gcc/avr/4.3.3/avr5\libgcc.a(_addsub_sf.o)
                                0x206 (size before relaxing)
 .debug_str     0x0000020c       0x27 d:/programs files secondary/files amit embedded systems/imt_sdk_win_64/winavr/bin/../lib/gcc/avr/4.3.3/avr5\libgcc.a(_mul_sf.o)
                                0x1bf (size before relaxing)
 .debug_str     0x00000233       0x35 d:/programs files secondary/files amit embedded systems/imt_sdk_win_64/winavr/bin/../lib/gcc/avr/4.3.3/avr5\libgcc.a(_div_sf.o)
                                0x1c8 (size before relaxing)
 .debug_str     0x00000268        0x8 d:/programs files secondary/files amit embedded systems/imt_sdk_win_64/winavr/bin/../lib/gcc/avr/4.3.3/avr5\libgcc.a(_gt_sf.o)
                                0x195 (size before relaxing)
 .debug_str     0x00000270        0x8 d:/programs files secondary/files amit embedded systems/imt_sdk_win_64/winavr/bin/../lib/gcc/avr/4.3.3/avr5\libgcc.a(_ge_sf.o)
                                0x195 (size before relaxing)
 .debug_str     0x00000278        0x8 d:/programs files secondary/files amit embedded systems/imt_sdk_win_64/winavr/bin/../lib/gcc/avr/4.3.3/avr5\libgcc.a(_lt_sf.o)
                                0x195 (size before relaxing)
 .debug_str     0x00000280        0xa d:/programs files secondary/files amit embedded systems/imt_sdk_win_64/winavr/bin/../lib/gcc/avr/4.3.3/avr5\libgcc.a(_sf_to_si.o)
                                0x19e (size before relaxing)
 .debug_str     0x00000000      0x103 d:/programs files secondary/files amit embedded systems/imt_sdk_win_64/winavr/bin/../lib/gcc/avr/4.3.3/avr5\libgcc.a(_thenan_sf.o)
 .debug_str     0x0000028a       0x21 d:/programs files secondary/files amit embedded systems/imt_sdk_win_64/winavr/bin/../lib/gcc/avr/4.3.3/avr5\libgcc.a(_usi_to_sf.o)
                                0x177 (size before relaxing)
 .debug_str     0x000002ab       0x20 d:/programs files secondary/files amit embedded systems/imt_sdk_win_64/winavr/bin/../lib/gcc/avr/4.3.3/avr5\libgcc.a(_clzsi2.o)
                                0x111 (size before relaxing)
 .debug_str     0x000002cb       0x10 d:/programs files secondary/files amit embedded systems/imt_sdk_win_64/winavr/bin/../lib/gcc/avr/4.3.3/avr5\libgcc.a(_pack_sf.o)
                                0x19d (size before relaxing)
 .debug_str     0x000002db        0xb d:/programs files secondary/files amit embedded systems/imt_sdk_win_64/winavr/bin/../lib/gcc/avr/4.3.3/avr5\libgcc.a(_unpack_sf.o)
                                0x17f (size before relaxing)
 .debug_str     0x000002e6       0x10 d:/programs files secondary/files amit embedded systems/imt_sdk_win_64/winavr/bin/../lib/gcc/avr/4.3.3/avr5\libgcc.a(_fpcmp_parts_sf.o)
                                0x163 (size before relaxing)
 .debug_str     0x00000000       0xf4 d:/programs files secondary/files amit embedded systems/imt_sdk_win_64/winavr/bin/../lib/gcc/avr/4.3.3/avr5\libgcc.a(_clz.o)

.debug_loc      0x00000000      0x96e
 *(.debug_loc)
 .debug_loc     0x00000000       0x34 d:/programs files secondary/files amit embedded systems/imt_sdk_win_64/winavr/bin/../lib/gcc/avr/4.3.3/avr5\libgcc.a(_fixunssfsi.o)
 .debug_loc     0x00000034      0x32a d:/programs files secondary/files amit embedded systems/imt_sdk_win_64/winavr/bin/../lib/gcc/avr/4.3.3/avr5\libgcc.a(_addsub_sf.o)
 .debug_loc     0x0000035e      0x104 d:/programs files secondary/files amit embedded systems/imt_sdk_win_64/winavr/bin/../lib/gcc/avr/4.3.3/avr5\libgcc.a(_mul_sf.o)
 .debug_loc     0x00000462       0xc0 d:/programs files secondary/files amit embedded systems/imt_sdk_win_64/winavr/bin/../lib/gcc/avr/4.3.3/avr5\libgcc.a(_div_sf.o)
 .debug_loc     0x00000522       0x3c d:/programs files secondary/files amit embedded systems/imt_sdk_win_64/winavr/bin/../lib/gcc/avr/4.3.3/avr5\libgcc.a(_gt_sf.o)
 .debug_loc     0x0000055e       0x3c d:/programs files secondary/files amit embedded systems/imt_sdk_win_64/winavr/bin/../lib/gcc/avr/4.3.3/avr5\libgcc.a(_ge_sf.o)
 .debug_loc     0x0000059a       0x3c d:/programs files secondary/files amit embedded systems/imt_sdk_win_64/winavr/bin/../lib/gcc/avr/4.3.3/avr5\libgcc.a(_lt_sf.o)
 .debug_loc     0x000005d6       0x7e d:/programs files secondary/files amit embedded systems/imt_sdk_win_64/winavr/bin/../lib/gcc/avr/4.3.3/avr5\libgcc.a(_sf_to_si.o)
 .debug_loc     0x00000654       0x4c d:/programs files secondary/files amit embedded systems/imt_sdk_win_64/winavr/bin/../lib/gcc/avr/4.3.3/avr5\libgcc.a(_usi_to_sf.o)
 .debug_loc     0x000006a0       0x94 d:/programs files secondary/files amit embedded systems/imt_sdk_win_64/winavr/bin/../lib/gcc/avr/4.3.3/avr5\libgcc.a(_clzsi2.o)
 .debug_loc     0x00000734      0x13e d:/programs files secondary/files amit embedded systems/imt_sdk_win_64/winavr/bin/../lib/gcc/avr/4.3.3/avr5\libgcc.a(_pack_sf.o)
 .debug_loc     0x00000872       0xac d:/programs files secondary/files amit embedded systems/imt_sdk_win_64/winavr/bin/../lib/gcc/avr/4.3.3/avr5\libgcc.a(_unpack_sf.o)
 .debug_loc     0x0000091e       0x50 d:/programs files secondary/files amit embedded systems/imt_sdk_win_64/winavr/bin/../lib/gcc/avr/4.3.3/avr5\libgcc.a(_fpcmp_parts_sf.o)

.debug_macinfo
 *(.debug_macinfo)
OUTPUT(SmartHome_Project.elf elf32-avr)
LOAD linker stubs

.debug_ranges   0x00000000       0x50
 .debug_ranges  0x00000000       0x50 d:/programs files secondary/files amit embedded systems/imt_sdk_win_64/winavr/bin/../lib/gcc/avr/4.3.3/avr5\libgcc.a(_mul_sf.o)
